// Jest Snapshot v1, https://goo.gl/fbAQLP

exports[`Pruebas en el componente SearchPage Debe de mostrar a Batman y el input con el valor del QueryString 1`] = `
<div>
  <h1>
    Search
  </h1>
  <hr />
  <div
    class="row"
  >
    <div
      class="col-5"
    >
      <h4>
        Searching
      </h4>
      <hr />
      <form
        aria-label="form"
      >
        <input
          autocomplete="off"
          class="form-control"
          name="searchText"
          placeholder="Find your hero"
          type="text"
          value="batman"
        />
        <button
          class="btn mt-1 btn-block btn-outline-secondary"
          type="submit"
        >
          Search...
        </button>
      </form>
    </div>
    <div
      class="col-7"
    >
      <h4>
        Results
      </h4>
      <hr />
      <div
        class="alert alert-info animate__animated animate__fadeIn"
        style="display: none;"
      >
        Search a hero
      </div>
      <div
        aria-label="error"
        class="alert alert-danger animate__animated animate__fadeIn"
        style="display: none;"
      >
        There's no response on 
        <b>
          batman
        </b>
      </div>
      <div
        class="col animate__animated animate__fadeIn"
      >
        <div
          class="card"
        >
          <div
            class="row no-gutters"
          >
            <div
              class="col-4 "
            >
              <img
                alt="Batman"
                class="card-img"
                src="/heroes/dc-batman.jpg"
              />
            </div>
            <div
              class="col-8"
            >
              <div
                class="card-body"
              >
                <h5
                  class="card-title"
                >
                  Batman
                </h5>
                <p
                  class="card-text"
                >
                  Bruce Wayne
                </p>
                <p
                  class="card-text"
                />
                <p
                  class="card-text"
                >
                  <small
                    class="text-muted"
                  >
                              
                    Detective Comics #27
                  </small>
                </p>
                <a
                  href="/hero/dc-batman"
                >
                  Mas...
                </a>
              </div>
            </div>
          </div>
        </div>
      </div>
    </div>
  </div>
</div>
`;

exports[`Pruebas en el componente SearchPage Debe de mostrar error si no se encuentra un h√©roe 1`] = `
<div>
  <h1>
    Search
  </h1>
  <hr />
  <div
    class="row"
  >
    <div
      class="col-5"
    >
      <h4>
        Searching
      </h4>
      <hr />
      <form
        aria-label="form"
      >
        <input
          autocomplete="off"
          class="form-control"
          name="searchText"
          placeholder="Find your hero"
          type="text"
          value="batman123"
        />
        <button
          class="btn mt-1 btn-block btn-outline-secondary"
          type="submit"
        >
          Search...
        </button>
      </form>
    </div>
    <div
      class="col-7"
    >
      <h4>
        Results
      </h4>
      <hr />
      <div
        class="alert alert-info animate__animated animate__fadeIn"
        style="display: none;"
      >
        Search a hero
      </div>
      <div
        aria-label="error"
        class="alert alert-danger animate__animated animate__fadeIn"
        style="display: block;"
      >
        There's no response on 
        <b>
          batman123
        </b>
      </div>
    </div>
  </div>
</div>
`;

exports[`Pruebas en el componente SearchPage Debe de mostrarse correctamente con valores por defecto 1`] = `
<div>
  <h1>
    Search
  </h1>
  <hr />
  <div
    class="row"
  >
    <div
      class="col-5"
    >
      <h4>
        Searching
      </h4>
      <hr />
      <form
        aria-label="form"
      >
        <input
          autocomplete="off"
          class="form-control"
          name="searchText"
          placeholder="Find your hero"
          type="text"
          value=""
        />
        <button
          class="btn mt-1 btn-block btn-outline-secondary"
          type="submit"
        >
          Search...
        </button>
      </form>
    </div>
    <div
      class="col-7"
    >
      <h4>
        Results
      </h4>
      <hr />
      <div
        class="alert alert-info animate__animated animate__fadeIn"
      >
        Search a hero
      </div>
      <div
        aria-label="error"
        class="alert alert-danger animate__animated animate__fadeIn"
        style="display: none;"
      >
        There's no response on 
        <b />
      </div>
    </div>
  </div>
</div>
`;
